Creating a "laravel/laravel:10.0" project at "./laravel-temp"
Installing laravel/laravel (v10.0.0)
  - Downloading laravel/laravel (v10.0.0)
  - Installing laravel/laravel (v10.0.0): Extracting archive
Created project in C:\Users\Unicodes\Documents\Developments\Project\Sistem-Inventory-Joki Skripsi\laravel-temp
> @php -r "file_exists('.env') || copy('.env.example', '.env');"
Loading composer repositories with package information
Updating dependencies
Lock file operations: 110 installs, 0 updates, 0 removals
  - Locking brick/math (0.12.3)
  - Locking carbonphp/carbon-doctrine-types (2.1.0)
  - Locking dflydev/dot-access-data (v3.0.3)
  - Locking doctrine/inflector (2.1.0)
  - Locking doctrine/lexer (3.0.1)
  - Locking dragonmantank/cron-expression (v3.5.0)
  - Locking egulias/email-validator (4.0.4)
  - Locking fakerphp/faker (v1.24.1)
  - Locking filp/whoops (2.18.4)
  - Locking fruitcake/php-cors (v1.4.0)
  - Locking graham-campbell/result-type (v1.1.4)
  - Locking guzzlehttp/guzzle (7.15.1)
  - Locking guzzlehttp/promises (2.5.1)
  - Locking guzzlehttp/psr7 (2.13.0)
  - Locking guzzlehttp/uri-template (v1.0.10)
  - Locking hamcrest/hamcrest-php (v2.1.1)
  - Locking laravel/framework (10.50.2)
  - Locking laravel/pint (v1.20.0)
  - Locking laravel/prompts (v0.1.25)
  - Locking laravel/sail (v1.63.0)
  - Locking laravel/sanctum (v3.3.3)
  - Locking laravel/serializable-closure (v1.3.7)
  - Locking laravel/tinker (v2.11.1)
  - Locking league/commonmark (2.8.3)
  - Locking league/config (v1.2.0)
  - Locking league/flysystem (3.35.2)
  - Locking league/flysystem-local (3.31.0)
  - Locking league/mime-type-detection (1.17.0)
  - Locking mockery/mockery (1.6.12)
  - Locking monolog/monolog (3.10.0)
  - Locking myclabs/deep-copy (1.13.4)
  - Locking nesbot/carbon (2.73.0)
  - Locking nette/schema (v1.3.5)
  - Locking nette/utils (v4.0.10)
  - Locking nikic/php-parser (v5.8.0)
  - Locking nunomaduro/collision (v7.12.0)
  - Locking nunomaduro/termwind (v1.17.0)
  - Locking phar-io/manifest (2.0.4)
  - Locking phar-io/version (3.2.1)
  - Locking phpoption/phpoption (1.9.5)
  - Locking phpunit/php-code-coverage (10.1.16)
  - Locking phpunit/php-file-iterator (4.1.0)
  - Locking phpunit/php-invoker (4.0.0)
  - Locking phpunit/php-text-template (3.0.1)
  - Locking phpunit/php-timer (6.0.0)
  - Locking phpunit/phpunit (10.5.64)
  - Locking psr/clock (1.0.0)
  - Locking psr/container (2.0.2)
  - Locking psr/event-dispatcher (1.0.0)
  - Locking psr/http-client (1.0.3)
  - Locking psr/http-factory (1.1.0)
  - Locking psr/http-message (2.0)
  - Locking psr/log (3.0.2)
  - Locking psr/simple-cache (3.0.0)
  - Locking psy/psysh (v0.12.24)
  - Locking ralouphie/getallheaders (3.0.3)
  - Locking ramsey/collection (2.1.1)
  - Locking ramsey/uuid (4.9.3)
  - Locking sebastian/cli-parser (2.0.1)
  - Locking sebastian/code-unit (2.0.0)
  - Locking sebastian/code-unit-reverse-lookup (3.0.0)
  - Locking sebastian/comparator (5.0.5)
  - Locking sebastian/complexity (3.2.0)
  - Locking sebastian/diff (5.1.1)
  - Locking sebastian/environment (6.1.0)
  - Locking sebastian/exporter (5.1.4)
  - Locking sebastian/global-state (6.0.2)
  - Locking sebastian/lines-of-code (2.0.2)
  - Locking sebastian/object-enumerator (5.0.0)
  - Locking sebastian/object-reflector (3.0.0)
  - Locking sebastian/recursion-context (5.0.1)
  - Locking sebastian/type (4.0.0)
  - Locking sebastian/version (4.0.1)
  - Locking spatie/backtrace (1.8.2)
  - Locking spatie/error-solutions (1.1.3)
  - Locking spatie/flare-client-php (1.11.1)
  - Locking spatie/ignition (1.16.0)
  - Locking spatie/laravel-ignition (2.9.1)
  - Locking symfony/console (v6.4.42)
  - Locking symfony/css-selector (v6.4.34)
  - Locking symfony/deprecation-contracts (v3.7.1)
  - Locking symfony/error-handler (v6.4.36)
  - Locking symfony/event-dispatcher (v6.4.37)
  - Locking symfony/event-dispatcher-contracts (v3.7.1)
  - Locking symfony/finder (v6.4.42)
  - Locking symfony/http-foundation (v6.4.42)
  - Locking symfony/http-kernel (v6.4.42)
  - Locking symfony/mailer (v6.4.40)
  - Locking symfony/mime (v6.4.41)
  - Locking symfony/polyfill-ctype (v1.37.0)
  - Locking symfony/polyfill-intl-grapheme (v1.38.1)
  - Locking symfony/polyfill-intl-idn (v1.38.1)
  - Locking symfony/polyfill-intl-normalizer (v1.38.0)
  - Locking symfony/polyfill-mbstring (v1.38.2)
  - Locking symfony/polyfill-php80 (v1.37.0)
  - Locking symfony/polyfill-php83 (v1.38.2)
  - Locking symfony/polyfill-uuid (v1.37.0)
  - Locking symfony/process (v6.4.41)
  - Locking symfony/routing (v6.4.41)
  - Locking symfony/service-contracts (v3.7.1)
  - Locking symfony/string (v6.4.39)
  - Locking symfony/translation (v6.4.42)
  - Locking symfony/translation-contracts (v3.7.1)
  - Locking symfony/uid (v6.4.32)
  - Locking symfony/var-dumper (v6.4.42)
  - Locking symfony/yaml (v6.4.42)
  - Locking theseer/tokenizer (1.3.1)
  - Locking tijsverkoyen/css-to-inline-styles (v2.4.0)
  - Locking vlucas/phpdotenv (v5.6.4)
  - Locking voku/portable-ascii (2.1.1)
Writing lock file
Installing dependencies from lock file (including require-dev)
Package operations: 110 installs, 0 updates, 0 removals
  - Downloading symfony/deprecation-contracts (v3.7.1)
  - Downloading symfony/polyfill-php83 (v1.38.2)
  - Downloading symfony/polyfill-mbstring (v1.38.2)
  - Downloading symfony/http-foundation (v6.4.42)
  - Downloading symfony/polyfill-php80 (v1.37.0)
  - Downloading guzzlehttp/psr7 (2.13.0)
  - Downloading guzzlehttp/promises (2.5.1)
  - Downloading guzzlehttp/guzzle (7.15.1)
  - Downloading guzzlehttp/uri-template (v1.0.10)
  - Downloading symfony/polyfill-intl-normalizer (v1.38.0)
  - Downloading symfony/polyfill-intl-grapheme (v1.38.1)
  - Downloading symfony/polyfill-ctype (v1.37.0)
  - Downloading symfony/string (v6.4.39)
  - Downloading symfony/service-contracts (v3.7.1)
  - Downloading symfony/console (v6.4.42)
  - Downloading voku/portable-ascii (2.1.1)
  - Downloading vlucas/phpdotenv (v5.6.4)
  - Downloading symfony/css-selector (v6.4.34)
  - Downloading symfony/var-dumper (v6.4.42)
  - Downloading symfony/polyfill-uuid (v1.37.0)
  - Downloading symfony/uid (v6.4.32)
  - Downloading symfony/routing (v6.4.41)
  - Downloading symfony/process (v6.4.41)
  - Downloading symfony/polyfill-intl-idn (v1.38.1)
  - Downloading symfony/mime (v6.4.41)
  - Downloading symfony/event-dispatcher-contracts (v3.7.1)
  - Downloading symfony/event-dispatcher (v6.4.37)
  - Downloading symfony/mailer (v6.4.40)
  - Downloading symfony/error-handler (v6.4.36)
  - Downloading symfony/http-kernel (v6.4.42)
  - Downloading symfony/finder (v6.4.42)
  - Downloading ramsey/uuid (4.9.3)
  - Downloading symfony/translation-contracts (v3.7.1)
  - Downloading symfony/translation (v6.4.42)
  - Downloading league/mime-type-detection (1.17.0)
  - Downloading league/flysystem (3.35.2)
  - Downloading league/flysystem-local (3.31.0)
  - Downloading nette/schema (v1.3.5)
  - Downloading league/commonmark (2.8.3)
  - Downloading laravel/framework (10.50.2)
  - Downloading symfony/yaml (v6.4.42)
  - Downloading laravel/sail (v1.63.0)
  - Downloading nikic/php-parser (v5.8.0)
  - Downloading psy/psysh (v0.12.24)
  - Downloading laravel/tinker (v2.11.1)
  - Downloading sebastian/comparator (5.0.5)
  - Downloading phpunit/phpunit (10.5.64)
  - Downloading spatie/backtrace (1.8.2)
  - Downloading spatie/flare-client-php (1.11.1)
  - Downloading spatie/ignition (1.16.0)
  0/50 [>---------------------------]   0%
  7/50 [===>------------------------]  14%
 10/50 [=====>----------------------]  20%
 15/50 [========>-------------------]  30%
 18/50 [==========>-----------------]  36%
 21/50 [===========>----------------]  42%
 26/50 [==============>-------------]  52%
 28/50 [===============>------------]  56%
 31/50 [=================>----------]  62%
 32/50 [=================>----------]  64%
 35/50 [===================>--------]  70%
 36/50 [====================>-------]  72%
 38/50 [=====================>------]  76%
 40/50 [======================>-----]  80%
 42/50 [=======================>----]  84%
 43/50 [========================>---]  86%
 44/50 [========================>---]  88%
 45/50 [=========================>--]  90%
 46/50 [=========================>--]  92%
 47/50 [==========================>-]  94%
 48/50 [==========================>-]  96%
 49/50 [===========================>]  98%
 50/50 [============================] 100%
  - Installing doctrine/inflector (2.1.0): Extracting archive
  - Installing doctrine/lexer (3.0.1): Extracting archive
  - Installing dragonmantank/cron-expression (v3.5.0): Extracting archive
  - Installing symfony/deprecation-contracts (v3.7.1): Extracting archive
  - Installing psr/container (2.0.2): Extracting archive
  - Installing fakerphp/faker (v1.24.1): Extracting archive
  - Installing symfony/polyfill-php83 (v1.38.2): Extracting archive
  - Installing symfony/polyfill-mbstring (v1.38.2): Extracting archive
  - Installing symfony/http-foundation (v6.4.42): Extracting archive
  - Installing fruitcake/php-cors (v1.4.0): Extracting archive
  - Installing symfony/polyfill-php80 (v1.37.0): Extracting archive
  - Installing psr/http-message (2.0): Extracting archive
  - Installing psr/http-client (1.0.3): Extracting archive
  - Installing ralouphie/getallheaders (3.0.3): Extracting archive
  - Installing psr/http-factory (1.1.0): Extracting archive
  - Installing guzzlehttp/psr7 (2.13.0): Extracting archive
  - Installing guzzlehttp/promises (2.5.1): Extracting archive
  - Installing guzzlehttp/guzzle (7.15.1): Extracting archive
  - Installing guzzlehttp/uri-template (v1.0.10): Extracting archive
  - Installing laravel/pint (v1.20.0): Extracting archive
  - Installing symfony/polyfill-intl-normalizer (v1.38.0): Extracting archive
  - Installing symfony/polyfill-intl-grapheme (v1.38.1): Extracting archive
  - Installing symfony/polyfill-ctype (v1.37.0): Extracting archive
  - Installing symfony/string (v6.4.39): Extracting archive
  - Installing symfony/service-contracts (v3.7.1): Extracting archive
  - Installing symfony/console (v6.4.42): Extracting archive
  - Installing voku/portable-ascii (2.1.1): Extracting archive
  - Installing phpoption/phpoption (1.9.5): Extracting archive
  - Installing graham-campbell/result-type (v1.1.4): Extracting archive
  - Installing vlucas/phpdotenv (v5.6.4): Extracting archive
  - Installing symfony/css-selector (v6.4.34): Extracting archive
  - Installing tijsverkoyen/css-to-inline-styles (v2.4.0): Extracting archive
  - Installing symfony/var-dumper (v6.4.42): Extracting archive
  - Installing symfony/polyfill-uuid (v1.37.0): Extracting archive
  - Installing symfony/uid (v6.4.32): Extracting archive
  - Installing symfony/routing (v6.4.41): Extracting archive
  - Installing symfony/process (v6.4.41): Extracting archive
  - Installing symfony/polyfill-intl-idn (v1.38.1): Extracting archive
  - Installing symfony/mime (v6.4.41): Extracting archive
  - Installing psr/event-dispatcher (1.0.0): Extracting archive
  - Installing symfony/event-dispatcher-contracts (v3.7.1): Extracting archive
  - Installing symfony/event-dispatcher (v6.4.37): Extracting archive
  - Installing psr/log (3.0.2): Extracting archive
  - Installing egulias/email-validator (4.0.4): Extracting archive
  - Installing symfony/mailer (v6.4.40): Extracting archive
  - Installing symfony/error-handler (v6.4.36): Extracting archive
  - Installing symfony/http-kernel (v6.4.42): Extracting archive
  - Installing symfony/finder (v6.4.42): Extracting archive
  - Installing ramsey/collection (2.1.1): Extracting archive
  - Installing brick/math (0.12.3): Extracting archive
  - Installing ramsey/uuid (4.9.3): Extracting archive
  - Installing psr/simple-cache (3.0.0): Extracting archive
  - Installing nunomaduro/termwind (v1.17.0): Extracting archive
  - Installing symfony/translation-contracts (v3.7.1): Extracting archive
  - Installing symfony/translation (v6.4.42): Extracting archive
  - Installing psr/clock (1.0.0): Extracting archive
  - Installing carbonphp/carbon-doctrine-types (2.1.0): Extracting archive
  - Installing nesbot/carbon (2.73.0): Extracting archive
  - Installing monolog/monolog (3.10.0): Extracting archive
  - Installing league/mime-type-detection (1.17.0): Extracting archive
  - Installing league/flysystem (3.35.2): Extracting archive
  - Installing league/flysystem-local (3.31.0): Extracting archive
  - Installing nette/utils (v4.0.10): Extracting archive
  - Installing nette/schema (v1.3.5): Extracting archive
  - Installing dflydev/dot-access-data (v3.0.3): Extracting archive
  - Installing league/config (v1.2.0): Extracting archive
  - Installing league/commonmark (2.8.3): Extracting archive
  - Installing laravel/serializable-closure (v1.3.7): Extracting archive
  - Installing laravel/prompts (v0.1.25): Extracting archive
  - Installing laravel/framework (10.50.2): Extracting archive
  - Installing symfony/yaml (v6.4.42): Extracting archive
  - Installing laravel/sail (v1.63.0): Extracting archive
  - Installing laravel/sanctum (v3.3.3): Extracting archive
  - Installing nikic/php-parser (v5.8.0): Extracting archive
  - Installing psy/psysh (v0.12.24): Extracting archive
  - Installing laravel/tinker (v2.11.1): Extracting archive
  - Installing hamcrest/hamcrest-php (v2.1.1): Extracting archive
  - Installing mockery/mockery (1.6.12): Extracting archive
  - Installing filp/whoops (2.18.4): Extracting archive
  - Installing nunomaduro/collision (v7.12.0): Extracting archive
  - Installing sebastian/version (4.0.1): Extracting archive
  - Installing sebastian/type (4.0.0): Extracting archive
  - Installing sebastian/recursion-context (5.0.1): Extracting archive
  - Installing sebastian/object-reflector (3.0.0): Extracting archive
  - Installing sebastian/object-enumerator (5.0.0): Extracting archive
  - Installing sebastian/global-state (6.0.2): Extracting archive
  - Installing sebastian/exporter (5.1.4): Extracting archive
  - Installing sebastian/environment (6.1.0): Extracting archive
  - Installing sebastian/diff (5.1.1): Extracting archive
  - Installing sebastian/comparator (5.0.5): Extracting archive
  - Installing sebastian/code-unit (2.0.0): Extracting archive
  - Installing sebastian/cli-parser (2.0.1): Extracting archive
  - Installing phpunit/php-timer (6.0.0): Extracting archive
  - Installing phpunit/php-text-template (3.0.1): Extracting archive
  - Installing phpunit/php-invoker (4.0.0): Extracting archive
  - Installing phpunit/php-file-iterator (4.1.0): Extracting archive
  - Installing theseer/tokenizer (1.3.1): Extracting archive
  - Installing sebastian/lines-of-code (2.0.2): Extracting archive
  - Installing sebastian/complexity (3.2.0): Extracting archive
  - Installing sebastian/code-unit-reverse-lookup (3.0.0): Extracting archive
  - Installing phpunit/php-code-coverage (10.1.16): Extracting archive
  - Installing phar-io/version (3.2.1): Extracting archive
  - Installing phar-io/manifest (2.0.4): Extracting archive
  - Installing myclabs/deep-copy (1.13.4): Extracting archive
  - Installing phpunit/phpunit (10.5.64): Extracting archive
  - Installing spatie/error-solutions (1.1.3): Extracting archive
  - Installing spatie/backtrace (1.8.2): Extracting archive
  - Installing spatie/flare-client-php (1.11.1): Extracting archive
  - Installing spatie/ignition (1.16.0): Extracting archive
  - Installing spatie/laravel-ignition (2.9.1): Extracting archive
   0/100 [>---------------------------]   0%
  10/100 [==>-------------------------]  10%
  20/100 [=====>----------------------]  20%
  30/100 [========>-------------------]  30%
  40/100 [===========>----------------]  40%
  50/100 [==============>-------------]  50%
  60/100 [================>-----------]  60%
  70/100 [===================>--------]  70%
  80/100 [======================>-----]  80%
  90/100 [=========================>--]  90%
 100/100 [============================] 100%
56 package suggestions were added by new dependencies, use `composer suggest` to see details.
Generating optimized autoload files
> Illuminate\Foundation\ComposerScripts::postAutoloadDump
> @php artisan package:discover --ansi

   INFO  Discovering packages.  

  laravel/sail .................................................................................................. DONE
  laravel/sanctum ............................................................................................... DONE
  laravel/tinker ................................................................................................ DONE
  nesbot/carbon ................................................................................................. DONE
  nunomaduro/collision .......................................................................................... DONE
  nunomaduro/termwind ........................................................................................... DONE
  spatie/laravel-ignition ....................................................................................... DONE

80 packages you are using are looking for funding.
Use the `composer fund` command to find out more!
> @php artisan vendor:publish --tag=laravel-assets --ansi --force

   INFO  No publishable resources for tag [laravel-assets].  

Found 3 security vulnerability advisories affecting 1 package.
Run "composer audit" for a full list of advisories.
> @php artisan key:generate --ansi

   INFO  Application key set successfully.  

