
   INFO  Server running on [http://127.0.0.1:8000].  

  Press Ctrl+C to stop the server

  2026-07-20 15:51:11 ........................................................................................... ~ 1s
  2026-07-20 15:51:12 /images/logo.png .......................................................................... ~ 0s
  2026-07-20 15:51:12 /favicon.ico .............................................................................. ~ 0s
  2026-07-20 15:51:30 ........................................................................................... ~ 0s
  2026-07-20 15:51:30 ........................................................................................... ~ 0s
  2026-07-20 15:51:30 /images/logo.png .......................................................................... ~ 0s
  2026-07-20 15:51:30 /favicon.ico .............................................................................. ~ 0s
  2026-07-20 15:51:46 ........................................................................................... ~ 1s
  2026-07-20 15:51:47 /images/logo.png .......................................................................... ~ 0s
  2026-07-20 15:51:47 /favicon.ico .............................................................................. ~ 0s
  2026-07-20 15:52:13 ........................................................................................... ~ 0s
  2026-07-20 15:52:13 /images/logo.png .......................................................................... ~ 0s
  2026-07-20 15:52:13 /favicon.ico .............................................................................. ~ 0s
  2026-07-20 15:52:46 ........................................................................................... ~ 0s
  2026-07-20 15:52:46 /images/logo.png .......................................................................... ~ 0s
  2026-07-20 15:52:46 /favicon.ico .............................................................................. ~ 0s
  2026-07-20 15:54:14 ........................................................................................... ~ 0s
  2026-07-20 15:54:14 /images/logo.png .......................................................................... ~ 0s
  2026-07-20 15:54:15 /favicon.ico .............................................................................. ~ 0s
  2026-07-20 15:54:28 ........................................................................................... ~ 0s
  2026-07-20 15:54:28 /images/logo.png .......................................................................... ~ 0s
  2026-07-20 15:54:28 /favicon.ico .............................................................................. ~ 0s
  2026-07-20 15:54:41 ........................................................................................... ~ 0s
  2026-07-20 15:54:41 /images/logo.png .......................................................................... ~ 0s
  2026-07-20 15:54:41 /favicon.ico .............................................................................. ~ 0s
  2026-07-20 15:54:55 ........................................................................................... ~ 0s
  2026-07-20 15:54:55 /images/logo.png .......................................................................... ~ 0s
  2026-07-20 15:54:55 /favicon.ico .............................................................................. ~ 0s
  2026-07-20 15:55:08 ........................................................................................... ~ 0s
  2026-07-20 15:55:08 /images/logo.png .......................................................................... ~ 0s
  2026-07-20 15:55:08 /favicon.ico .............................................................................. ~ 0s
  2026-07-20 15:55:27 ........................................................................................... ~ 0s
  2026-07-20 15:55:27 /images/logo.png .......................................................................... ~ 0s
  2026-07-20 15:55:27 /favicon.ico .............................................................................. ~ 0s
  2026-07-20 15:55:36 ........................................................................................... ~ 0s
  2026-07-20 15:55:36 /images/logo.png .......................................................................... ~ 0s
  2026-07-20 15:55:36 /favicon.ico .............................................................................. ~ 0s
