Loading composer repositories with package information
Updating dependencies
Nothing to modify in lock file
Writing lock file
Installing dependencies from lock file (including require-dev)
Package operations: 0 installs, 8 updates, 0 removals
  - Downloading laravel/pint (v1.29.3)
 0/1 [>---------------------------]   0%
 1/1 [============================] 100%
  - Upgrading symfony/css-selector (v6.4.34 => v8.1.0): Extracting archive
  - Upgrading symfony/event-dispatcher (v6.4.37 => v7.4.14): Extracting archive
  - Upgrading symfony/string (v6.4.39 => v7.4.13): Extracting archive
  - Upgrading nette/utils (v4.0.10 => v4.1.5): Extracting archive
  - Upgrading dragonmantank/cron-expression (v3.5.0 => v3.6.0): Extracting archive
  - Upgrading laravel/pint (v1.20.0 => v1.29.3): Extracting archive
  - Upgrading symfony/yaml (v6.4.42 => v7.4.14): Extracting archive
  - Upgrading maennchen/zipstream-php (3.1.1 => 3.2.2): Extracting archive
 0/8 [>---------------------------]   0%
 8/8 [============================] 100%
Generating optimized autoload files
