
   INFO  Server running on [http://127.0.0.1:8000].  

  Press Ctrl+C to stop the server

  2026-07-20 11:53:36 ........................................................................................... ~ 0s
  2026-07-20 11:53:37 /favicon.ico .............................................................................. ~ 0s
  2026-07-20 11:53:41 ........................................................................................... ~ 0s
  2026-07-20 11:53:41 ........................................................................................... ~ 0s
  2026-07-20 11:53:42 /favicon.ico .............................................................................. ~ 0s
  2026-07-20 11:54:15 ........................................................................................... ~ 0s
  2026-07-20 11:54:15 /favicon.ico .............................................................................. ~ 0s
  2026-07-20 11:54:16 ........................................................................................... ~ 0s
  2026-07-20 11:54:16 /favicon.ico .............................................................................. ~ 0s
  2026-07-20 11:57:19 ........................................................................................... ~ 0s
  2026-07-20 11:57:19 ........................................................................................... ~ 0s
  2026-07-20 11:57:19 /favicon.ico .............................................................................. ~ 0s
  2026-07-20 11:57:24 ........................................................................................... ~ 0s
  2026-07-20 11:57:24 /favicon.ico .............................................................................. ~ 0s
  2026-07-20 11:57:26 ........................................................................................... ~ 0s
  2026-07-20 11:57:27 /favicon.ico .............................................................................. ~ 0s
  2026-07-20 11:57:28 ........................................................................................... ~ 0s
  2026-07-20 11:57:29 /favicon.ico .............................................................................. ~ 0s
  2026-07-20 11:57:29 ........................................................................................... ~ 0s
  2026-07-20 11:57:29 /favicon.ico .............................................................................. ~ 0s
  2026-07-20 11:57:30 ........................................................................................... ~ 1s
  2026-07-20 11:57:31 /favicon.ico .............................................................................. ~ 0s
  2026-07-20 11:57:31 ........................................................................................... ~ 0s
  2026-07-20 11:57:32 /favicon.ico .............................................................................. ~ 0s
  2026-07-20 11:57:32 ........................................................................................... ~ 0s
  2026-07-20 11:57:32 /favicon.ico .............................................................................. ~ 0s
  2026-07-20 11:57:32 ........................................................................................... ~ 1s
  2026-07-20 11:57:33 /favicon.ico .............................................................................. ~ 0s
  2026-07-20 11:57:33 ........................................................................................... ~ 0s
  2026-07-20 11:57:33 /favicon.ico .............................................................................. ~ 0s
  2026-07-20 11:57:33 ........................................................................................... ~ 0s
  2026-07-20 11:57:33 /favicon.ico .............................................................................. ~ 0s
  2026-07-20 11:57:35 ........................................................................................... ~ 0s
  2026-07-20 11:57:35 /favicon.ico .............................................................................. ~ 0s
  2026-07-20 12:01:30 ........................................................................................... ~ 0s
  2026-07-20 12:01:30 ........................................................................................... ~ 0s
  2026-07-20 12:01:30 /favicon.ico .............................................................................. ~ 0s
  2026-07-20 12:01:50 ........................................................................................... ~ 0s
  2026-07-20 12:01:50 /favicon.ico .............................................................................. ~ 0s
  2026-07-20 12:01:54 ........................................................................................... ~ 0s
  2026-07-20 12:01:54 /favicon.ico .............................................................................. ~ 0s
  2026-07-20 12:01:56 ........................................................................................... ~ 1s
  2026-07-20 12:01:57 /favicon.ico .............................................................................. ~ 0s
  2026-07-20 12:02:00 ........................................................................................... ~ 1s
  2026-07-20 12:02:01 /favicon.ico .............................................................................. ~ 0s
  2026-07-20 12:02:04 ........................................................................................... ~ 0s
  2026-07-20 12:02:05 /favicon.ico .............................................................................. ~ 0s
  2026-07-20 12:02:06 ........................................................................................... ~ 1s
  2026-07-20 12:02:07 /favicon.ico .............................................................................. ~ 0s
  2026-07-20 12:02:08 ........................................................................................... ~ 0s
  2026-07-20 12:02:08 /favicon.ico .............................................................................. ~ 0s
  2026-07-20 12:02:10 ........................................................................................... ~ 1s
  2026-07-20 12:02:11 /favicon.ico .............................................................................. ~ 0s
  2026-07-20 12:02:20 ........................................................................................... ~ 0s
  2026-07-20 12:02:21 /favicon.ico .............................................................................. ~ 0s
  2026-07-20 12:02:22 ........................................................................................... ~ 0s
  2026-07-20 12:02:22 /favicon.ico .............................................................................. ~ 0s
  2026-07-20 12:02:27 ........................................................................................... ~ 0s
  2026-07-20 12:02:28 /favicon.ico .............................................................................. ~ 0s
  2026-07-20 12:02:29 ........................................................................................... ~ 0s
  2026-07-20 12:02:29 /favicon.ico .............................................................................. ~ 0s
  2026-07-20 12:02:31 ........................................................................................... ~ 0s
  2026-07-20 12:02:31 /favicon.ico .............................................................................. ~ 0s
  2026-07-20 12:02:37 ........................................................................................... ~ 0s
  2026-07-20 12:02:37 /favicon.ico .............................................................................. ~ 0s
  2026-07-20 12:02:39 ........................................................................................... ~ 0s
  2026-07-20 12:02:39 /favicon.ico .............................................................................. ~ 0s
  2026-07-20 12:02:39 ........................................................................................... ~ 0s
  2026-07-20 12:02:39 /favicon.ico .............................................................................. ~ 0s
  2026-07-20 12:02:40 ........................................................................................... ~ 0s
  2026-07-20 12:02:40 /favicon.ico .............................................................................. ~ 0s
  2026-07-20 12:02:40 ........................................................................................... ~ 1s
  2026-07-20 12:02:41 /favicon.ico .............................................................................. ~ 0s
  2026-07-20 12:02:44 ........................................................................................... ~ 0s
  2026-07-20 12:02:44 ........................................................................................... ~ 0s
  2026-07-20 12:02:45 /favicon.ico .............................................................................. ~ 0s
  2026-07-20 12:02:46 ........................................................................................... ~ 0s
  2026-07-20 12:02:46 /favicon.ico .............................................................................. ~ 0s
  2026-07-20 12:02:48 ........................................................................................... ~ 0s
  2026-07-20 12:02:48 /favicon.ico .............................................................................. ~ 0s
  2026-07-20 12:02:51 ........................................................................................... ~ 1s
  2026-07-20 12:02:52 /favicon.ico .............................................................................. ~ 0s
  2026-07-20 12:02:54 ........................................................................................... ~ 0s
  2026-07-20 12:02:54 /favicon.ico .............................................................................. ~ 0s
  2026-07-20 12:02:56 ........................................................................................... ~ 2s
  2026-07-20 12:03:42 ........................................................................................... ~ 0s
  2026-07-20 12:03:42 /favicon.ico .............................................................................. ~ 0s
  2026-07-20 12:03:44 ........................................................................................... ~ 0s
  2026-07-20 12:03:44 /favicon.ico .............................................................................. ~ 0s
  2026-07-20 12:04:03 ........................................................................................... ~ 0s
  2026-07-20 12:04:03 /favicon.ico .............................................................................. ~ 0s
  2026-07-20 12:04:04 ........................................................................................... ~ 0s
  2026-07-20 12:04:04 /favicon.ico .............................................................................. ~ 0s
  2026-07-20 12:04:07 ........................................................................................... ~ 0s
  2026-07-20 13:27:41 ........................................................................................... ~ 0s
  2026-07-20 13:27:41 /favicon.ico .............................................................................. ~ 0s
  2026-07-20 13:27:53 ........................................................................................... ~ 0s
  2026-07-20 13:27:53 /favicon.ico .............................................................................. ~ 0s
  2026-07-20 13:27:53 ........................................................................................... ~ 0s
  2026-07-20 13:27:54 /favicon.ico .............................................................................. ~ 0s
  2026-07-20 13:31:29 ........................................................................................... ~ 0s
  2026-07-20 13:31:30 /favicon.ico .............................................................................. ~ 0s
  2026-07-20 13:31:31 ........................................................................................... ~ 0s
  2026-07-20 13:31:31 /favicon.ico .............................................................................. ~ 0s
  2026-07-20 13:31:32 ........................................................................................... ~ 0s
  2026-07-20 13:31:32 /favicon.ico .............................................................................. ~ 0s
  2026-07-20 13:31:39 ........................................................................................... ~ 0s
  2026-07-20 13:31:39 /favicon.ico .............................................................................. ~ 0s
  2026-07-20 13:31:39 ........................................................................................... ~ 0s
  2026-07-20 13:31:39 /favicon.ico .............................................................................. ~ 0s
  2026-07-20 13:31:40 ........................................................................................... ~ 0s
  2026-07-20 13:31:40 /favicon.ico .............................................................................. ~ 0s
  2026-07-20 13:31:41 ........................................................................................... ~ 0s
  2026-07-20 13:31:41 /favicon.ico .............................................................................. ~ 0s
  2026-07-20 13:31:41 ........................................................................................... ~ 0s
  2026-07-20 13:31:41 /favicon.ico .............................................................................. ~ 0s
  2026-07-20 13:33:12 ........................................................................................... ~ 0s
  2026-07-20 13:33:12 /favicon.ico .............................................................................. ~ 0s
  2026-07-20 13:33:22 ........................................................................................... ~ 0s
  2026-07-20 13:33:22 ........................................................................................... ~ 0s
  2026-07-20 13:33:22 /favicon.ico .............................................................................. ~ 0s
  2026-07-20 13:34:50 ........................................................................................... ~ 0s
  2026-07-20 13:34:51 /favicon.ico .............................................................................. ~ 0s
  2026-07-20 13:37:55 ........................................................................................... ~ 0s
  2026-07-20 13:37:55 ........................................................................................... ~ 0s
  2026-07-20 13:37:55 /favicon.ico .............................................................................. ~ 0s
  2026-07-20 13:37:59 ........................................................................................... ~ 0s
  2026-07-20 13:37:59 /favicon.ico .............................................................................. ~ 0s
  2026-07-20 13:38:00 ........................................................................................... ~ 0s
  2026-07-20 13:38:00 /favicon.ico .............................................................................. ~ 0s
  2026-07-20 13:38:02 ........................................................................................... ~ 0s
  2026-07-20 13:38:54 ........................................................................................... ~ 0s
  2026-07-20 13:38:54 /favicon.ico .............................................................................. ~ 0s
  2026-07-20 13:38:54 ........................................................................................... ~ 0s
  2026-07-20 13:38:54 /favicon.ico .............................................................................. ~ 0s
  2026-07-20 13:38:55 ........................................................................................... ~ 0s
  2026-07-20 13:38:55 /favicon.ico .............................................................................. ~ 0s
  2026-07-20 13:38:55 ........................................................................................... ~ 0s
  2026-07-20 13:38:55 /favicon.ico .............................................................................. ~ 0s
  2026-07-20 13:38:56 ........................................................................................... ~ 0s
  2026-07-20 13:38:56 /favicon.ico .............................................................................. ~ 0s
  2026-07-20 13:38:57 ........................................................................................... ~ 0s
  2026-07-20 13:38:57 /favicon.ico .............................................................................. ~ 0s
  2026-07-20 13:38:58 ........................................................................................... ~ 0s
  2026-07-20 13:38:58 /favicon.ico .............................................................................. ~ 0s
  2026-07-20 13:38:59 ........................................................................................... ~ 0s
  2026-07-20 13:39:00 /favicon.ico .............................................................................. ~ 0s
  2026-07-20 13:39:01 ........................................................................................... ~ 0s
  2026-07-20 13:39:01 /favicon.ico .............................................................................. ~ 0s
  2026-07-20 13:39:04 ........................................................................................... ~ 0s
  2026-07-20 13:39:04 /favicon.ico .............................................................................. ~ 0s
  2026-07-20 13:39:19 ........................................................................................... ~ 0s
  2026-07-20 13:39:19 /favicon.ico .............................................................................. ~ 0s
  2026-07-20 13:43:07 ........................................................................................... ~ 0s
  2026-07-20 13:43:07 /favicon.ico .............................................................................. ~ 0s
  2026-07-20 13:43:08 ........................................................................................... ~ 0s
  2026-07-20 13:43:08 /favicon.ico .............................................................................. ~ 0s
  2026-07-20 13:43:09 ........................................................................................... ~ 1s
  2026-07-20 13:48:46 ........................................................................................... ~ 1s
  2026-07-20 13:48:47 /images/logo.png .......................................................................... ~ 0s
  2026-07-20 13:48:47 /favicon.ico .............................................................................. ~ 0s
  2026-07-20 13:49:00 ........................................................................................... ~ 0s
  2026-07-20 13:49:00 /images/logo.png .......................................................................... ~ 0s
  2026-07-20 13:49:00 /favicon.ico .............................................................................. ~ 0s
  2026-07-20 13:49:02 ........................................................................................... ~ 0s
  2026-07-20 13:49:02 /images/logo.png .......................................................................... ~ 0s
  2026-07-20 13:49:02 /favicon.ico .............................................................................. ~ 0s
  2026-07-20 13:49:42 ........................................................................................... ~ 0s
  2026-07-20 13:49:42 /images/logo.png .......................................................................... ~ 0s
  2026-07-20 13:49:42 /favicon.ico .............................................................................. ~ 0s
  2026-07-20 13:49:42 ........................................................................................... ~ 0s
  2026-07-20 13:49:42 /images/logo.png .......................................................................... ~ 0s
  2026-07-20 13:49:42 /favicon.ico .............................................................................. ~ 0s
  2026-07-20 13:49:44 ........................................................................................... ~ 0s
  2026-07-20 13:49:44 /images/logo.png .......................................................................... ~ 0s
  2026-07-20 13:49:44 /favicon.ico .............................................................................. ~ 0s
  2026-07-20 13:49:50 ........................................................................................... ~ 0s
  2026-07-20 13:49:50 /images/logo.png .......................................................................... ~ 0s
  2026-07-20 13:49:50 /favicon.ico .............................................................................. ~ 0s
  2026-07-20 13:49:51 ........................................................................................... ~ 0s
  2026-07-20 13:49:51 /images/logo.png .......................................................................... ~ 0s
  2026-07-20 13:49:51 /favicon.ico .............................................................................. ~ 0s
  2026-07-20 13:51:48 ........................................................................................... ~ 0s
  2026-07-20 13:51:48 /images/logo.png .......................................................................... ~ 0s
  2026-07-20 13:51:49 /favicon.ico .............................................................................. ~ 0s
  2026-07-20 13:51:49 ........................................................................................... ~ 0s
  2026-07-20 13:51:49 /images/logo.png .......................................................................... ~ 0s
  2026-07-20 13:51:49 /favicon.ico .............................................................................. ~ 0s
  2026-07-20 13:51:49 ........................................................................................... ~ 0s
  2026-07-20 13:51:50 /images/logo.png .......................................................................... ~ 0s
  2026-07-20 13:51:50 /favicon.ico .............................................................................. ~ 0s
  2026-07-20 13:51:55 ........................................................................................... ~ 0s
  2026-07-20 13:51:55 ........................................................................................... ~ 0s
  2026-07-20 13:51:55 /images/logo.png .......................................................................... ~ 0s
  2026-07-20 13:51:55 /favicon.ico .............................................................................. ~ 0s
  2026-07-20 13:52:19 ........................................................................................... ~ 0s
  2026-07-20 13:52:19 ........................................................................................... ~ 0s
  2026-07-20 13:52:20 /images/logo.png .......................................................................... ~ 0s
  2026-07-20 13:52:20 /favicon.ico .............................................................................. ~ 0s
  2026-07-20 13:52:52 ........................................................................................... ~ 0s
  2026-07-20 13:52:52 /images/logo.png .......................................................................... ~ 0s
  2026-07-20 13:52:52 /favicon.ico .............................................................................. ~ 0s
  2026-07-20 13:52:53 ........................................................................................... ~ 0s
  2026-07-20 13:52:53 /images/logo.png .......................................................................... ~ 0s
  2026-07-20 13:52:53 /favicon.ico .............................................................................. ~ 0s
  2026-07-20 13:52:55 ........................................................................................... ~ 0s
  2026-07-20 13:52:55 /images/logo.png .......................................................................... ~ 0s
  2026-07-20 13:52:55 /favicon.ico .............................................................................. ~ 0s
  2026-07-20 13:52:59 ........................................................................................... ~ 0s
  2026-07-20 13:52:59 /images/logo.png .......................................................................... ~ 0s
  2026-07-20 13:52:59 /favicon.ico .............................................................................. ~ 0s
  2026-07-20 13:53:02 ........................................................................................... ~ 0s
  2026-07-20 13:53:02 /images/logo.png .......................................................................... ~ 0s
  2026-07-20 13:53:02 /favicon.ico .............................................................................. ~ 0s
  2026-07-20 13:53:03 ........................................................................................... ~ 0s
  2026-07-20 13:53:03 /images/logo.png .......................................................................... ~ 0s
  2026-07-20 13:53:04 /favicon.ico .............................................................................. ~ 0s
  2026-07-20 13:53:05 ........................................................................................... ~ 0s
  2026-07-20 13:53:05 /images/logo.png .......................................................................... ~ 0s
  2026-07-20 13:53:05 /favicon.ico .............................................................................. ~ 0s
  2026-07-20 13:53:10 ........................................................................................... ~ 0s
  2026-07-20 13:53:10 /images/logo.png .......................................................................... ~ 0s
  2026-07-20 13:53:10 /favicon.ico .............................................................................. ~ 0s
  2026-07-20 13:53:51 ........................................................................................... ~ 0s
  2026-07-20 13:53:51 ........................................................................................... ~ 0s
  2026-07-20 13:53:51 /images/logo.png .......................................................................... ~ 0s
  2026-07-20 13:53:51 /favicon.ico .............................................................................. ~ 0s
  2026-07-20 13:54:00 ........................................................................................... ~ 0s
  2026-07-20 13:54:11 ........................................................................................... ~ 0s
  2026-07-20 13:54:11 /images/logo.png .......................................................................... ~ 0s
  2026-07-20 13:54:11 /favicon.ico .............................................................................. ~ 0s
  2026-07-20 13:54:12 ........................................................................................... ~ 0s
  2026-07-20 13:54:12 /images/logo.png .......................................................................... ~ 0s
  2026-07-20 13:54:12 /favicon.ico .............................................................................. ~ 0s
  2026-07-20 13:54:13 ........................................................................................... ~ 0s
  2026-07-20 13:54:13 /images/logo.png .......................................................................... ~ 0s
  2026-07-20 13:54:13 /favicon.ico .............................................................................. ~ 0s
  2026-07-20 13:54:14 ........................................................................................... ~ 1s
  2026-07-20 13:54:15 /images/logo.png .......................................................................... ~ 0s
  2026-07-20 13:54:15 /favicon.ico .............................................................................. ~ 0s
  2026-07-20 13:54:16 ........................................................................................... ~ 0s
  2026-07-20 13:54:16 /images/logo.png .......................................................................... ~ 0s
  2026-07-20 13:54:16 /favicon.ico .............................................................................. ~ 0s
  2026-07-20 13:54:16 ........................................................................................... ~ 0s
  2026-07-20 13:54:16 /images/logo.png .......................................................................... ~ 0s
  2026-07-20 13:54:16 /favicon.ico .............................................................................. ~ 0s
  2026-07-20 13:54:17 ........................................................................................... ~ 0s
  2026-07-20 13:54:17 /images/logo.png .......................................................................... ~ 0s
  2026-07-20 13:54:17 /favicon.ico .............................................................................. ~ 0s
  2026-07-20 13:54:17 ........................................................................................... ~ 1s
  2026-07-20 13:54:18 /images/logo.png .......................................................................... ~ 0s
  2026-07-20 13:54:18 /favicon.ico .............................................................................. ~ 0s
  2026-07-20 13:54:35 ........................................................................................... ~ 0s
  2026-07-20 13:54:35 /images/logo.png .......................................................................... ~ 0s
  2026-07-20 13:54:35 /favicon.ico .............................................................................. ~ 0s
  2026-07-20 13:54:36 ........................................................................................... ~ 0s
  2026-07-20 13:54:36 /images/logo.png .......................................................................... ~ 0s
  2026-07-20 13:54:36 /favicon.ico .............................................................................. ~ 0s
  2026-07-20 13:54:36 ........................................................................................... ~ 0s
  2026-07-20 13:54:36 /images/logo.png .......................................................................... ~ 0s
  2026-07-20 13:54:36 /favicon.ico .............................................................................. ~ 0s
  2026-07-20 13:54:36 ........................................................................................... ~ 0s
  2026-07-20 13:54:36 /images/logo.png .......................................................................... ~ 0s
  2026-07-20 13:54:36 /favicon.ico .............................................................................. ~ 0s
  2026-07-20 13:54:48 ........................................................................................... ~ 0s
  2026-07-20 13:54:48 /images/logo.png .......................................................................... ~ 0s
  2026-07-20 13:54:48 /favicon.ico .............................................................................. ~ 0s
  2026-07-20 13:54:48 ........................................................................................... ~ 0s
  2026-07-20 13:54:48 /images/logo.png .......................................................................... ~ 0s
  2026-07-20 13:54:48 /favicon.ico .............................................................................. ~ 0s
  2026-07-20 13:55:28 ........................................................................................... ~ 1s
  2026-07-20 13:55:29 /images/logo.png .......................................................................... ~ 0s
  2026-07-20 13:55:29 /favicon.ico .............................................................................. ~ 0s
  2026-07-20 13:55:32 ........................................................................................... ~ 0s
  2026-07-20 13:55:32 /images/logo.png .......................................................................... ~ 0s
  2026-07-20 13:55:32 /favicon.ico .............................................................................. ~ 0s
  2026-07-20 13:55:37 ........................................................................................... ~ 0s
  2026-07-20 13:55:37 /images/logo.png .......................................................................... ~ 0s
  2026-07-20 13:55:38 /favicon.ico .............................................................................. ~ 0s
  2026-07-20 13:55:39 ........................................................................................... ~ 0s
  2026-07-20 13:55:39 /images/logo.png .......................................................................... ~ 0s
  2026-07-20 13:55:39 /favicon.ico .............................................................................. ~ 0s
  2026-07-20 13:55:40 ........................................................................................... ~ 1s
  2026-07-20 13:55:41 /images/logo.png .......................................................................... ~ 0s
  2026-07-20 13:55:41 /favicon.ico .............................................................................. ~ 0s
  2026-07-20 13:55:47 ........................................................................................... ~ 0s
  2026-07-20 13:55:47 /images/logo.png .......................................................................... ~ 0s
  2026-07-20 13:55:47 /favicon.ico .............................................................................. ~ 0s
  2026-07-20 13:58:00 ........................................................................................... ~ 1s
  2026-07-20 13:58:01 /images/logo.png .......................................................................... ~ 0s
  2026-07-20 13:58:01 /favicon.ico .............................................................................. ~ 0s
  2026-07-20 13:58:24 ........................................................................................... ~ 1s
  2026-07-20 13:58:25 /images/logo.png .......................................................................... ~ 0s
  2026-07-20 13:58:25 /favicon.ico .............................................................................. ~ 0s
  2026-07-20 13:58:25 ........................................................................................... ~ 0s
  2026-07-20 13:58:25 /images/logo.png .......................................................................... ~ 0s
  2026-07-20 13:58:25 /favicon.ico .............................................................................. ~ 0s
  2026-07-20 13:58:30 ........................................................................................... ~ 1s
  2026-07-20 13:58:31 /images/logo.png .......................................................................... ~ 0s
  2026-07-20 13:58:31 /favicon.ico .............................................................................. ~ 0s
  2026-07-20 13:58:32 ........................................................................................... ~ 0s
  2026-07-20 13:58:32 /images/logo.png .......................................................................... ~ 0s
  2026-07-20 13:58:32 /favicon.ico .............................................................................. ~ 0s
  2026-07-20 13:58:32 ........................................................................................... ~ 0s
  2026-07-20 13:58:33 /images/logo.png .......................................................................... ~ 0s
  2026-07-20 13:58:33 /favicon.ico .............................................................................. ~ 0s
  2026-07-20 13:58:35 ........................................................................................... ~ 0s
  2026-07-20 13:58:36 /images/logo.png .......................................................................... ~ 0s
  2026-07-20 13:58:36 /favicon.ico .............................................................................. ~ 0s
  2026-07-20 13:58:37 ........................................................................................... ~ 0s
  2026-07-20 13:58:37 /images/logo.png .......................................................................... ~ 0s
  2026-07-20 13:58:37 /favicon.ico .............................................................................. ~ 0s
  2026-07-20 13:58:37 ........................................................................................... ~ 0s
  2026-07-20 13:58:37 /images/logo.png .......................................................................... ~ 0s
  2026-07-20 13:58:37 /favicon.ico .............................................................................. ~ 0s
  2026-07-20 13:58:38 ........................................................................................... ~ 0s
  2026-07-20 13:58:38 /images/logo.png .......................................................................... ~ 0s
  2026-07-20 13:58:38 /favicon.ico .............................................................................. ~ 0s
  2026-07-20 13:58:38 ........................................................................................... ~ 0s
  2026-07-20 13:58:38 /images/logo.png .......................................................................... ~ 1s
  2026-07-20 13:58:39 /favicon.ico .............................................................................. ~ 0s
  2026-07-20 13:58:40 ........................................................................................... ~ 0s
  2026-07-20 13:58:40 /images/logo.png .......................................................................... ~ 0s
  2026-07-20 13:58:40 /favicon.ico .............................................................................. ~ 0s
  2026-07-20 13:58:45 ........................................................................................... ~ 1s
  2026-07-20 13:58:46 /images/logo.png .......................................................................... ~ 0s
  2026-07-20 13:58:46 /favicon.ico .............................................................................. ~ 0s
  2026-07-20 13:58:48 ........................................................................................... ~ 0s
  2026-07-20 13:58:48 /images/logo.png .......................................................................... ~ 0s
  2026-07-20 13:58:49 /favicon.ico .............................................................................. ~ 0s
  2026-07-20 14:06:30 ........................................................................................... ~ 0s
  2026-07-20 14:06:30 /images/logo.png .......................................................................... ~ 0s
  2026-07-20 14:06:31 /favicon.ico .............................................................................. ~ 0s
  2026-07-20 14:07:00 ........................................................................................... ~ 0s
  2026-07-20 14:07:30 ........................................................................................... ~ 1s
  2026-07-20 14:07:31 /images/logo.png .......................................................................... ~ 0s
  2026-07-20 14:07:31 /favicon.ico .............................................................................. ~ 0s
  2026-07-20 14:07:32 ........................................................................................... ~ 0s
  2026-07-20 14:07:32 /images/logo.png .......................................................................... ~ 0s
  2026-07-20 14:07:32 /favicon.ico .............................................................................. ~ 0s
  2026-07-20 14:07:32 ........................................................................................... ~ 0s
  2026-07-20 14:07:32 /images/logo.png .......................................................................... ~ 0s
  2026-07-20 14:07:33 /favicon.ico .............................................................................. ~ 0s
  2026-07-20 14:07:33 ........................................................................................... ~ 0s
  2026-07-20 14:07:33 /images/logo.png .......................................................................... ~ 0s
  2026-07-20 14:07:33 /favicon.ico .............................................................................. ~ 0s
  2026-07-20 14:07:34 ........................................................................................... ~ 0s
  2026-07-20 14:07:34 /images/logo.png .......................................................................... ~ 0s
  2026-07-20 14:07:34 /favicon.ico .............................................................................. ~ 0s
  2026-07-20 14:07:34 ........................................................................................... ~ 0s
  2026-07-20 14:07:34 /images/logo.png .......................................................................... ~ 0s
  2026-07-20 14:07:34 /favicon.ico .............................................................................. ~ 0s
  2026-07-20 14:07:35 ........................................................................................... ~ 0s
  2026-07-20 14:07:35 /images/logo.png .......................................................................... ~ 0s
  2026-07-20 14:07:35 /favicon.ico .............................................................................. ~ 0s
  2026-07-20 14:07:35 ........................................................................................... ~ 0s
  2026-07-20 14:07:35 /images/logo.png .......................................................................... ~ 0s
  2026-07-20 14:07:35 /favicon.ico .............................................................................. ~ 0s
  2026-07-20 14:07:36 ........................................................................................... ~ 0s
  2026-07-20 14:07:36 /images/logo.png .......................................................................... ~ 0s
  2026-07-20 14:07:36 /favicon.ico .............................................................................. ~ 0s
  2026-07-20 14:07:37 ........................................................................................... ~ 0s
  2026-07-20 14:07:37 /images/logo.png .......................................................................... ~ 0s
  2026-07-20 14:07:37 /favicon.ico .............................................................................. ~ 0s
  2026-07-20 14:07:56 ........................................................................................... ~ 0s
  2026-07-20 14:07:56 /images/logo.png .......................................................................... ~ 0s
  2026-07-20 14:07:56 /favicon.ico .............................................................................. ~ 0s
  2026-07-20 14:07:56 ........................................................................................... ~ 0s
  2026-07-20 14:07:56 /images/logo.png .......................................................................... ~ 0s
  2026-07-20 14:07:57 /favicon.ico .............................................................................. ~ 0s
  2026-07-20 14:07:57 ........................................................................................... ~ 0s
  2026-07-20 14:07:57 /images/logo.png .......................................................................... ~ 0s
  2026-07-20 14:07:57 /favicon.ico .............................................................................. ~ 0s
  2026-07-20 14:07:57 ........................................................................................... ~ 0s
  2026-07-20 14:07:57 /images/logo.png .......................................................................... ~ 0s
  2026-07-20 14:07:57 /favicon.ico .............................................................................. ~ 0s
  2026-07-20 14:07:58 ........................................................................................... ~ 0s
  2026-07-20 14:07:58 /images/logo.png .......................................................................... ~ 0s
  2026-07-20 14:07:58 /favicon.ico .............................................................................. ~ 0s
  2026-07-20 14:08:01 ........................................................................................... ~ 1s
  2026-07-20 14:08:02 /images/logo.png .......................................................................... ~ 0s
  2026-07-20 14:08:02 /favicon.ico .............................................................................. ~ 0s
  2026-07-20 14:08:06 ........................................................................................... ~ 0s
  2026-07-20 14:08:06 /images/logo.png .......................................................................... ~ 0s
  2026-07-20 14:08:06 /favicon.ico .............................................................................. ~ 0s
  2026-07-20 14:08:08 ........................................................................................... ~ 0s
  2026-07-20 14:08:08 /images/logo.png .......................................................................... ~ 0s
  2026-07-20 14:08:08 /favicon.ico .............................................................................. ~ 0s
  2026-07-20 14:08:09 ........................................................................................... ~ 0s
  2026-07-20 14:08:09 /images/logo.png .......................................................................... ~ 0s
  2026-07-20 14:08:09 /favicon.ico .............................................................................. ~ 0s
  2026-07-20 14:08:09 ........................................................................................... ~ 0s
  2026-07-20 14:08:09 /images/logo.png .......................................................................... ~ 0s
  2026-07-20 14:08:09 /favicon.ico .............................................................................. ~ 0s
  2026-07-20 14:08:10 ........................................................................................... ~ 0s
  2026-07-20 14:08:10 /images/logo.png .......................................................................... ~ 0s
  2026-07-20 14:08:10 /favicon.ico .............................................................................. ~ 0s
  2026-07-20 14:08:10 ........................................................................................... ~ 0s
  2026-07-20 14:08:10 /images/logo.png .......................................................................... ~ 0s
  2026-07-20 14:08:10 /favicon.ico .............................................................................. ~ 0s
  2026-07-20 14:08:11 ........................................................................................... ~ 0s
  2026-07-20 14:08:11 /images/logo.png .......................................................................... ~ 1s
  2026-07-20 14:08:12 /favicon.ico .............................................................................. ~ 0s
  2026-07-20 14:08:12 ........................................................................................... ~ 0s
  2026-07-20 14:08:12 /images/logo.png .......................................................................... ~ 0s
  2026-07-20 14:08:12 /favicon.ico .............................................................................. ~ 0s
  2026-07-20 14:09:26 ........................................................................................... ~ 0s
  2026-07-20 14:09:26 /images/logo.png .......................................................................... ~ 0s
  2026-07-20 14:09:27 /favicon.ico .............................................................................. ~ 0s
  2026-07-20 14:09:34 ........................................................................................... ~ 0s
  2026-07-20 14:09:34 /images/logo.png .......................................................................... ~ 0s
  2026-07-20 14:09:34 /favicon.ico .............................................................................. ~ 0s
  2026-07-20 14:09:35 ........................................................................................... ~ 1s
  2026-07-20 14:09:36 /images/logo.png .......................................................................... ~ 0s
  2026-07-20 14:09:36 /favicon.ico .............................................................................. ~ 0s
  2026-07-20 14:09:36 ........................................................................................... ~ 0s
  2026-07-20 14:09:36 /images/logo.png .......................................................................... ~ 0s
  2026-07-20 14:09:37 /favicon.ico .............................................................................. ~ 0s
  2026-07-20 14:09:40 ........................................................................................... ~ 0s
  2026-07-20 14:10:17 ........................................................................................... ~ 0s
  2026-07-20 14:10:17 /images/logo.png .......................................................................... ~ 0s
  2026-07-20 14:10:17 /favicon.ico .............................................................................. ~ 0s
  2026-07-20 14:10:19 ........................................................................................... ~ 0s
  2026-07-20 14:10:19 /images/logo.png .......................................................................... ~ 0s
  2026-07-20 14:10:19 /favicon.ico .............................................................................. ~ 0s
  2026-07-20 14:10:19 ........................................................................................... ~ 0s
  2026-07-20 14:10:19 /images/logo.png .......................................................................... ~ 0s
  2026-07-20 14:10:19 /favicon.ico .............................................................................. ~ 0s
  2026-07-20 14:10:20 ........................................................................................... ~ 0s
  2026-07-20 14:10:20 /images/logo.png .......................................................................... ~ 0s
  2026-07-20 14:10:20 /favicon.ico .............................................................................. ~ 0s
  2026-07-20 14:10:20 ........................................................................................... ~ 0s
  2026-07-20 14:10:20 /images/logo.png .......................................................................... ~ 0s
  2026-07-20 14:10:20 /favicon.ico .............................................................................. ~ 0s
  2026-07-20 14:10:21 ........................................................................................... ~ 0s
  2026-07-20 14:10:21 /images/logo.png .......................................................................... ~ 0s
  2026-07-20 14:10:21 /favicon.ico .............................................................................. ~ 0s
  2026-07-20 14:10:22 ........................................................................................... ~ 0s
  2026-07-20 14:10:22 /images/logo.png .......................................................................... ~ 0s
  2026-07-20 14:10:22 /favicon.ico .............................................................................. ~ 0s
  2026-07-20 14:10:23 ........................................................................................... ~ 0s
  2026-07-20 14:10:23 /images/logo.png .......................................................................... ~ 0s
  2026-07-20 14:10:23 /favicon.ico .............................................................................. ~ 0s
  2026-07-20 14:10:23 ........................................................................................... ~ 0s
  2026-07-20 14:10:23 /images/logo.png .......................................................................... ~ 0s
  2026-07-20 14:10:23 /favicon.ico .............................................................................. ~ 0s
  2026-07-20 14:10:24 ........................................................................................... ~ 0s
  2026-07-20 14:10:24 /images/logo.png .......................................................................... ~ 0s
  2026-07-20 14:10:24 /favicon.ico .............................................................................. ~ 0s
  2026-07-20 14:10:24 ........................................................................................... ~ 0s
  2026-07-20 14:10:24 /images/logo.png .......................................................................... ~ 0s
  2026-07-20 14:10:24 /favicon.ico .............................................................................. ~ 0s
  2026-07-20 14:10:25 ........................................................................................... ~ 0s
  2026-07-20 14:10:25 /images/logo.png .......................................................................... ~ 0s
  2026-07-20 14:10:25 /favicon.ico .............................................................................. ~ 0s
  2026-07-20 14:10:25 ........................................................................................... ~ 0s
  2026-07-20 14:10:25 /images/logo.png .......................................................................... ~ 0s
  2026-07-20 14:10:25 /favicon.ico .............................................................................. ~ 0s
  2026-07-20 14:10:26 ........................................................................................... ~ 0s
  2026-07-20 14:10:26 /images/logo.png .......................................................................... ~ 0s
  2026-07-20 14:10:26 /favicon.ico .............................................................................. ~ 0s
  2026-07-20 14:10:27 ........................................................................................... ~ 0s
  2026-07-20 14:10:27 /images/logo.png .......................................................................... ~ 0s
  2026-07-20 14:10:27 /favicon.ico .............................................................................. ~ 0s
  2026-07-20 14:10:28 ........................................................................................... ~ 0s
  2026-07-20 14:10:28 /images/logo.png .......................................................................... ~ 0s
  2026-07-20 14:10:29 /favicon.ico .............................................................................. ~ 0s
  2026-07-20 14:10:30 ........................................................................................... ~ 0s
  2026-07-20 14:10:30 /images/logo.png .......................................................................... ~ 0s
  2026-07-20 14:10:30 /favicon.ico .............................................................................. ~ 0s
  2026-07-20 14:12:23 ........................................................................................... ~ 0s
  2026-07-20 14:12:23 /images/logo.png .......................................................................... ~ 0s
  2026-07-20 14:12:24 /favicon.ico .............................................................................. ~ 0s
  2026-07-20 14:12:26 ........................................................................................... ~ 0s
  2026-07-20 14:12:26 /images/logo.png .......................................................................... ~ 0s
  2026-07-20 14:12:26 /favicon.ico .............................................................................. ~ 0s
  2026-07-20 14:12:26 ........................................................................................... ~ 0s
  2026-07-20 14:12:26 /images/logo.png .......................................................................... ~ 0s
  2026-07-20 14:12:27 /favicon.ico .............................................................................. ~ 0s
  2026-07-20 14:12:28 ........................................................................................... ~ 0s
  2026-07-20 14:12:28 /images/logo.png .......................................................................... ~ 0s
  2026-07-20 14:12:28 /favicon.ico .............................................................................. ~ 0s
  2026-07-20 14:12:57 ........................................................................................... ~ 0s
  2026-07-20 14:12:57 /images/logo.png .......................................................................... ~ 0s
  2026-07-20 14:12:57 /favicon.ico .............................................................................. ~ 0s
  2026-07-20 14:12:59 ........................................................................................... ~ 0s
  2026-07-20 14:12:59 /images/logo.png .......................................................................... ~ 0s
  2026-07-20 14:12:59 /favicon.ico .............................................................................. ~ 0s
  2026-07-20 14:13:00 ........................................................................................... ~ 0s
  2026-07-20 14:13:00 /images/logo.png .......................................................................... ~ 0s
  2026-07-20 14:13:00 /favicon.ico .............................................................................. ~ 0s
  2026-07-20 14:13:01 ........................................................................................... ~ 0s
  2026-07-20 14:13:01 /images/logo.png .......................................................................... ~ 0s
  2026-07-20 14:13:01 /favicon.ico .............................................................................. ~ 0s
  2026-07-20 14:13:01 ........................................................................................... ~ 0s
  2026-07-20 14:13:01 /images/logo.png .......................................................................... ~ 1s
  2026-07-20 14:13:02 /favicon.ico .............................................................................. ~ 0s
  2026-07-20 14:13:03 ........................................................................................... ~ 0s
  2026-07-20 14:13:03 /images/logo.png .......................................................................... ~ 0s
  2026-07-20 14:13:03 /favicon.ico .............................................................................. ~ 0s
  2026-07-20 14:13:05 ........................................................................................... ~ 0s
  2026-07-20 14:13:05 /images/logo.png .......................................................................... ~ 0s
  2026-07-20 14:13:05 /favicon.ico .............................................................................. ~ 0s
  2026-07-20 14:13:12 ........................................................................................... ~ 0s
  2026-07-20 14:13:12 /images/logo.png .......................................................................... ~ 0s
  2026-07-20 14:13:12 /favicon.ico .............................................................................. ~ 0s
  2026-07-20 14:13:15 ........................................................................................... ~ 1s
  2026-07-20 14:13:16 /images/logo.png .......................................................................... ~ 0s
  2026-07-20 14:13:16 /favicon.ico .............................................................................. ~ 0s
  2026-07-20 14:13:18 ........................................................................................... ~ 0s
  2026-07-20 14:13:18 /images/logo.png .......................................................................... ~ 0s
  2026-07-20 14:13:19 /favicon.ico .............................................................................. ~ 0s
  2026-07-20 14:13:19 ........................................................................................... ~ 0s
  2026-07-20 14:13:19 /images/logo.png .......................................................................... ~ 0s
  2026-07-20 14:13:19 /favicon.ico .............................................................................. ~ 0s
  2026-07-20 14:13:46 ........................................................................................... ~ 0s
  2026-07-20 14:13:46 /images/logo.png .......................................................................... ~ 0s
  2026-07-20 14:13:46 /favicon.ico .............................................................................. ~ 0s
  2026-07-20 14:13:46 ........................................................................................... ~ 0s
  2026-07-20 14:13:46 /images/logo.png .......................................................................... ~ 0s
  2026-07-20 14:13:47 /favicon.ico .............................................................................. ~ 0s
  2026-07-20 14:13:47 ........................................................................................... ~ 0s
  2026-07-20 14:13:47 /images/logo.png .......................................................................... ~ 0s
  2026-07-20 14:13:47 /favicon.ico .............................................................................. ~ 0s
  2026-07-20 14:13:49 ........................................................................................... ~ 0s
  2026-07-20 14:13:49 /images/logo.png .......................................................................... ~ 0s
  2026-07-20 14:13:49 /favicon.ico .............................................................................. ~ 0s
  2026-07-20 14:13:50 ........................................................................................... ~ 0s
  2026-07-20 14:13:50 /images/logo.png .......................................................................... ~ 0s
  2026-07-20 14:13:50 /favicon.ico .............................................................................. ~ 0s
  2026-07-20 14:13:50 ........................................................................................... ~ 0s
  2026-07-20 14:13:50 /images/logo.png .......................................................................... ~ 0s
  2026-07-20 14:13:50 /favicon.ico .............................................................................. ~ 0s
  2026-07-20 14:14:28 ........................................................................................... ~ 0s
  2026-07-20 14:14:28 /images/logo.png .......................................................................... ~ 0s
  2026-07-20 14:14:28 /favicon.ico .............................................................................. ~ 0s
  2026-07-20 14:14:43 ........................................................................................... ~ 0s
  2026-07-20 14:14:43 /images/logo.png .......................................................................... ~ 0s
  2026-07-20 14:14:43 /favicon.ico .............................................................................. ~ 0s
  2026-07-20 14:14:52 ........................................................................................... ~ 0s
  2026-07-20 14:14:52 /images/logo.png .......................................................................... ~ 0s
  2026-07-20 14:14:52 /favicon.ico .............................................................................. ~ 0s
  2026-07-20 14:14:53 ........................................................................................... ~ 0s
  2026-07-20 14:14:53 /images/logo.png .......................................................................... ~ 0s
  2026-07-20 14:14:53 /favicon.ico .............................................................................. ~ 0s
  2026-07-20 14:14:53 ........................................................................................... ~ 0s
  2026-07-20 14:14:53 /images/logo.png .......................................................................... ~ 0s
  2026-07-20 14:14:53 /favicon.ico .............................................................................. ~ 0s
  2026-07-20 14:14:54 ........................................................................................... ~ 0s
  2026-07-20 14:14:54 /images/logo.png .......................................................................... ~ 0s
  2026-07-20 14:14:54 /favicon.ico .............................................................................. ~ 0s
  2026-07-20 14:14:55 ........................................................................................... ~ 0s
  2026-07-20 14:14:55 /images/logo.png .......................................................................... ~ 0s
  2026-07-20 14:14:55 /favicon.ico .............................................................................. ~ 0s
  2026-07-20 14:14:56 ........................................................................................... ~ 0s
  2026-07-20 14:14:56 /images/logo.png .......................................................................... ~ 0s
  2026-07-20 14:14:56 /favicon.ico .............................................................................. ~ 0s
  2026-07-20 15:11:07 /favicon.ico .............................................................................. ~ 0s
