./composer.json has been updated
Running composer update simplesoftwareio/simple-qrcode barryvdh/laravel-dompdf maatwebsite/excel
Loading composer repositories with package information
Updating dependencies
Lock file operations: 18 installs, 0 updates, 0 removals
  - Locking bacon/bacon-qr-code (2.0.8)
  - Locking barryvdh/laravel-dompdf (v3.1.2)
  - Locking composer/pcre (3.4.0)
  - Locking composer/semver (3.4.4)
  - Locking dasprid/enum (1.0.7)
  - Locking dompdf/dompdf (v3.1.5)
  - Locking dompdf/php-font-lib (1.0.2)
  - Locking dompdf/php-svg-lib (1.0.2)
  - Locking ezyang/htmlpurifier (v4.19.0)
  - Locking maatwebsite/excel (3.1.69)
  - Locking maennchen/zipstream-php (3.1.1)
  - Locking markbaker/complex (3.0.2)
  - Locking markbaker/matrix (3.0.1)
  - Locking masterminds/html5 (2.10.1)
  - Locking phpoffice/phpspreadsheet (1.30.6)
  - Locking sabberworm/php-css-parser (v9.4.0)
  - Locking simplesoftwareio/simple-qrcode (4.2.0)
  - Locking thecodingmachine/safe (v3.4.0)
Writing lock file
Installing dependencies from lock file (including require-dev)
Package operations: 18 installs, 0 updates, 0 removals
  - Downloading masterminds/html5 (2.10.1)
  - Downloading thecodingmachine/safe (v3.4.0)
  - Downloading sabberworm/php-css-parser (v9.4.0)
  - Downloading dompdf/php-svg-lib (1.0.2)
  - Downloading dompdf/php-font-lib (1.0.2)
  - Downloading dompdf/dompdf (v3.1.5)
  - Downloading barryvdh/laravel-dompdf (v3.1.2)
  - Downloading dasprid/enum (1.0.7)
  - Downloading markbaker/matrix (3.0.1)
  - Downloading markbaker/complex (3.0.2)
  - Downloading maennchen/zipstream-php (3.1.1)
  - Downloading ezyang/htmlpurifier (v4.19.0)
  - Downloading composer/pcre (3.4.0)
  - Downloading phpoffice/phpspreadsheet (1.30.6)
  - Downloading composer/semver (3.4.4)
  - Downloading maatwebsite/excel (3.1.69)
  - Downloading bacon/bacon-qr-code (2.0.8)
  - Downloading simplesoftwareio/simple-qrcode (4.2.0)
  0/18 [>---------------------------]   0%
  3/18 [====>-----------------------]  16%
  4/18 [======>---------------------]  22%
  7/18 [==========>-----------------]  38%
  8/18 [============>---------------]  44%
 11/18 [=================>----------]  61%
 13/18 [====================>-------]  72%
 14/18 [=====================>------]  77%
 15/18 [=======================>----]  83%
 16/18 [========================>---]  88%
 17/18 [==========================>-]  94%
 18/18 [============================] 100%
  - Installing masterminds/html5 (2.10.1): Extracting archive
  - Installing thecodingmachine/safe (v3.4.0): Extracting archive
  - Installing sabberworm/php-css-parser (v9.4.0): Extracting archive
  - Installing dompdf/php-svg-lib (1.0.2): Extracting archive
  - Installing dompdf/php-font-lib (1.0.2): Extracting archive
  - Installing dompdf/dompdf (v3.1.5): Extracting archive
  - Installing barryvdh/laravel-dompdf (v3.1.2): Extracting archive
  - Installing dasprid/enum (1.0.7): Extracting archive
  - Installing markbaker/matrix (3.0.1): Extracting archive
  - Installing markbaker/complex (3.0.2): Extracting archive
  - Installing maennchen/zipstream-php (3.1.1): Extracting archive
  - Installing ezyang/htmlpurifier (v4.19.0): Extracting archive
  - Installing composer/pcre (3.4.0): Extracting archive
  - Installing phpoffice/phpspreadsheet (1.30.6): Extracting archive
  - Installing composer/semver (3.4.4): Extracting archive
  - Installing maatwebsite/excel (3.1.69): Extracting archive
  - Installing bacon/bacon-qr-code (2.0.8): Extracting archive
  - Installing simplesoftwareio/simple-qrcode (4.2.0): Extracting archive
 0/8 [>---------------------------]   0%
 8/8 [============================] 100%
9 package suggestions were added by new dependencies, use `composer suggest` to see details.
Generating optimized autoload files
> Illuminate\Foundation\ComposerScripts::postAutoloadDump
> @php artisan package:discover --ansi

   INFO  Discovering packages.  

  barryvdh/laravel-dompdf ....................................................................................... DONE
  laravel/sail .................................................................................................. DONE
  laravel/sanctum ............................................................................................... DONE
  laravel/tinker ................................................................................................ DONE
  maatwebsite/excel ............................................................................................. DONE
  nesbot/carbon ................................................................................................. DONE
  nunomaduro/collision .......................................................................................... DONE
  nunomaduro/termwind ........................................................................................... DONE
  simplesoftwareio/simple-qrcode ................................................................................ DONE
  spatie/laravel-ignition ....................................................................................... DONE

86 packages you are using are looking for funding.
Use the `composer fund` command to find out more!
> @php artisan vendor:publish --tag=laravel-assets --ansi --force

   INFO  No publishable resources for tag [laravel-assets].  

Found 3 security vulnerability advisories affecting 1 package.
Run "composer audit" for a full list of advisories.
Using version ^4.2 for simplesoftwareio/simple-qrcode
Using version ^3.1 for barryvdh/laravel-dompdf
Using version ^3.1 for maatwebsite/excel
