
   WARN  Your XML configuration validates against a deprecated schema. Migrate your XML configuration using "--migrate-configuration"!

   PASS  Tests\Unit\ExampleTest
  ✓ that true is true                                                                                            0.01s  

   PASS  Tests\Feature\ExampleTest
  ✓ the application returns a successful response                                                                0.35s  

   PASS  Tests\Feature\InventoryTest
  ✓ guest can see login page                                                                                     5.25s  
  ✓ user can login with correct credentials                                                                      0.06s  
  ✓ user cannot login with incorrect credentials                                                                 0.25s  
  ✓ nonactive user cannot login                                                                                  0.04s  
  ✓ admin can access users page                                                                                  0.03s  
  ✓ staff cannot access users page                                                                               0.07s  
  ✓ pimpinan cannot access users page                                                                            0.04s  
  ✓ pimpinan cannot record transactions                                                                          0.02s  
  ✓ admin and staff can access aset tetap list                                                                   0.16s  
  ✓ pimpinan can view aset tetap list                                                                            0.04s  
  ✓ pimpinan cannot access aset tetap creation form                                                              0.03s  
  ✓ admin can create aset tetap                                                                                  0.03s  

  Tests:    14 passed (26 assertions)
  Duration: 6.61s

