Loading composer repositories with package information
Updating dependencies
Nothing to modify in lock file
Writing lock file
Installing dependencies from lock file (including require-dev)
Package operations: 0 installs, 8 updates, 0 removals
    Failed to download symfony/css-selector from dist: The zip extension and unzip/7z commands are both missing, skipping.
The php.ini used by your command-line PHP is: C:\laragon\bin\php\php-8.5.8-Win32-vs17-x64\php.ini
    Now trying to download from source
  - Syncing symfony/css-selector (v8.1.0) into cache
    Failed to download symfony/event-dispatcher from dist: The zip extension and unzip/7z commands are both missing, skipping.
The php.ini used by your command-line PHP is: C:\laragon\bin\php\php-8.5.8-Win32-vs17-x64\php.ini
    Now trying to download from source
  - Syncing symfony/event-dispatcher (v7.4.14) into cache
    Failed to download symfony/string from dist: The zip extension and unzip/7z commands are both missing, skipping.
The php.ini used by your command-line PHP is: C:\laragon\bin\php\php-8.5.8-Win32-vs17-x64\php.ini
    Now trying to download from source
  - Syncing symfony/string (v7.4.13) into cache
    Failed to download nette/utils from dist: The zip extension and unzip/7z commands are both missing, skipping.
The php.ini used by your command-line PHP is: C:\laragon\bin\php\php-8.5.8-Win32-vs17-x64\php.ini
    Now trying to download from source
  - Syncing nette/utils (v4.1.5) into cache
    Failed to download dragonmantank/cron-expression from dist: The zip extension and unzip/7z commands are both missing, skipping.
The php.ini used by your command-line PHP is: C:\laragon\bin\php\php-8.5.8-Win32-vs17-x64\php.ini
    Now trying to download from source
  - Syncing dragonmantank/cron-expression (v3.6.0) into cache
    Failed to download laravel/pint from dist: The zip extension and unzip/7z commands are both missing, skipping.
The php.ini used by your command-line PHP is: C:\laragon\bin\php\php-8.5.8-Win32-vs17-x64\php.ini
    Now trying to download from source
  - Syncing laravel/pint (v1.29.3) into cache
The following exception is caused by a process timeout
Check https://getcomposer.org/doc/06-config.md#process-timeout for details

In Process.php line 1205:
                                                                                                                       
  The process ""C:\Program Files\Git\cmd\git.EXE" clone --mirror -- https://github.com/laravel/pint.git C:/Users/Unic  
  odes/AppData/Local/Composer/vcs/https---github.com-laravel-pint.git/" exceeded the timeout of 300 seconds.           
                                                                                                                       

update [--with WITH] [--prefer-source] [--prefer-dist] [--prefer-install PREFER-INSTALL] [--dry-run] [--dev] [--no-dev] [--lock] [--no-install] [--no-audit] [--audit-format AUDIT-FORMAT] [--no-autoloader] [--no-suggest] [--no-progress] [-w|--with-dependencies] [-W|--with-all-dependencies] [-v|vv|vvv|--verbose] [-o|--optimize-autoloader] [-a|--classmap-authoritative] [--apcu-autoloader] [--apcu-autoloader-prefix APCU-AUTOLOADER-PREFIX] [--ignore-platform-req IGNORE-PLATFORM-REQ] [--ignore-platform-reqs] [--prefer-stable] [--prefer-lowest] [-m|--minimal-changes] [--patch-only] [-i|--interactive] [--root-reqs] [--bump-after-update [BUMP-AFTER-UPDATE]] [--] [<packages>...]

