Loading composer repositories with package information
Updating dependencies
Lock file operations: 0 installs, 8 updates, 0 removals
  - Upgrading dragonmantank/cron-expression (v3.5.0 => v3.6.0)
  - Upgrading laravel/pint (v1.20.0 => v1.29.3)
  - Upgrading maennchen/zipstream-php (3.1.1 => 3.2.2)
  - Upgrading nette/utils (v4.0.10 => v4.1.5)
  - Upgrading symfony/css-selector (v6.4.34 => v8.1.0)
  - Upgrading symfony/event-dispatcher (v6.4.37 => v7.4.14)
  - Upgrading symfony/string (v6.4.39 => v7.4.13)
  - Upgrading symfony/yaml (v6.4.42 => v7.4.14)
Writing lock file
Installing dependencies from lock file (including require-dev)
Package operations: 0 installs, 8 updates, 0 removals
  - Downloading symfony/css-selector (v8.1.0)
  - Downloading symfony/event-dispatcher (v7.4.14)
  - Downloading symfony/string (v7.4.13)
  - Downloading nette/utils (v4.1.5)
  - Downloading dragonmantank/cron-expression (v3.6.0)
  - Downloading laravel/pint (v1.29.3)
  - Downloading symfony/yaml (v7.4.14)
  - Downloading maennchen/zipstream-php (3.2.2)
 0/8 [>---------------------------]   0%
 1/8 [===>------------------------]  12%
 4/8 [==============>-------------]  50%
 5/8 [=================>----------]  62%
 6/8 [=====================>------]  75%
 7/8 [========================>---]  87%