
   INFO  Server running on [http://127.0.0.1:8000].  

  Press Ctrl+C to stop the server

  2026-07-19 11:17:38 ........................................................................................... ~ 0s
  2026-07-19 11:17:39 /favicon.ico .............................................................................. ~ 0s
  2026-07-19 11:17:52 ........................................................................................... ~ 0s
  2026-07-19 11:17:52 ........................................................................................... ~ 0s
  2026-07-19 11:17:52 /favicon.ico .............................................................................. ~ 0s
  2026-07-19 11:18:02 ........................................................................................... ~ 1s
  2026-07-19 11:18:03 ........................................................................................... ~ 0s
  2026-07-19 11:18:03 /favicon.ico .............................................................................. ~ 0s
  2026-07-19 11:18:19 ........................................................................................... ~ 0s
  2026-07-19 11:18:19 ........................................................................................... ~ 0s
  2026-07-19 11:18:20 /favicon.ico .............................................................................. ~ 0s
  2026-07-19 11:41:30 ........................................................................................... ~ 0s
  2026-07-19 11:41:30 /favicon.ico .............................................................................. ~ 0s
  2026-07-19 11:41:39 ........................................................................................... ~ 1s
  2026-07-19 11:41:40 ........................................................................................... ~ 0s
  2026-07-19 11:41:40 /favicon.ico .............................................................................. ~ 0s
  2026-07-19 11:41:57 ........................................................................................... ~ 0s
  2026-07-19 11:41:57 /favicon.ico .............................................................................. ~ 0s
  2026-07-19 11:42:01 ........................................................................................... ~ 0s
  2026-07-19 11:42:01 /favicon.ico .............................................................................. ~ 0s
  2026-07-19 11:42:05 ........................................................................................... ~ 1s
  2026-07-19 11:42:06 /favicon.ico .............................................................................. ~ 0s
  2026-07-19 11:42:07 ........................................................................................... ~ 1s
  2026-07-19 11:42:08 /favicon.ico .............................................................................. ~ 0s
  2026-07-19 11:42:11 ........................................................................................... ~ 0s
  2026-07-19 11:42:11 /favicon.ico .............................................................................. ~ 0s
  2026-07-19 11:42:12 ........................................................................................... ~ 0s
  2026-07-19 11:42:12 /favicon.ico .............................................................................. ~ 0s
  2026-07-19 11:42:14 ........................................................................................... ~ 0s
  2026-07-19 11:42:14 /favicon.ico .............................................................................. ~ 0s
  2026-07-19 11:42:16 ........................................................................................... ~ 0s
  2026-07-19 11:42:16 /favicon.ico .............................................................................. ~ 0s
  2026-07-19 11:42:18 ........................................................................................... ~ 0s
  2026-07-19 11:42:18 /favicon.ico .............................................................................. ~ 0s
  2026-07-19 11:42:21 ........................................................................................... ~ 1s
  2026-07-19 11:42:22 /favicon.ico .............................................................................. ~ 0s
  2026-07-19 11:42:25 ........................................................................................... ~ 1s
  2026-07-19 11:42:26 /favicon.ico .............................................................................. ~ 0s
  2026-07-19 11:42:31 ........................................................................................... ~ 0s
  2026-07-19 11:42:31 /favicon.ico .............................................................................. ~ 0s
  2026-07-19 11:42:34 ........................................................................................... ~ 0s
  2026-07-19 11:42:34 /favicon.ico .............................................................................. ~ 0s
  2026-07-19 11:42:36 ........................................................................................... ~ 0s
  2026-07-19 11:42:36 /favicon.ico .............................................................................. ~ 0s
  2026-07-19 11:43:27 ........................................................................................... ~ 0s
  2026-07-19 11:43:27 /favicon.ico .............................................................................. ~ 0s
  2026-07-19 11:43:34 ........................................................................................... ~ 0s
  2026-07-19 11:43:34 ........................................................................................... ~ 1s
  2026-07-19 11:43:35 /favicon.ico .............................................................................. ~ 0s
  2026-07-19 11:43:53 ........................................................................................... ~ 0s
  2026-07-19 11:43:53 ........................................................................................... ~ 0s
  2026-07-19 11:43:54 /favicon.ico .............................................................................. ~ 0s
  2026-07-19 11:43:58 ........................................................................................... ~ 0s
  2026-07-19 11:43:58 /favicon.ico .............................................................................. ~ 0s
  2026-07-19 11:43:59 ........................................................................................... ~ 1s
  2026-07-19 11:44:00 /favicon.ico .............................................................................. ~ 0s
  2026-07-19 11:44:00 ........................................................................................... ~ 1s
  2026-07-19 11:44:01 /favicon.ico .............................................................................. ~ 0s
  2026-07-19 11:44:02 ........................................................................................... ~ 1s
  2026-07-19 11:44:03 /favicon.ico .............................................................................. ~ 0s
  2026-07-19 11:44:05 ........................................................................................... ~ 0s
  2026-07-19 11:44:05 /favicon.ico .............................................................................. ~ 0s
  2026-07-19 11:44:24 ........................................................................................... ~ 0s
  2026-07-19 11:44:25 /favicon.ico .............................................................................. ~ 0s
  2026-07-19 11:44:27 ........................................................................................... ~ 0s
  2026-07-19 11:44:27 /favicon.ico .............................................................................. ~ 0s
  2026-07-19 11:44:28 ........................................................................................... ~ 0s
  2026-07-19 11:44:28 /favicon.ico .............................................................................. ~ 0s
  2026-07-19 11:44:31 ........................................................................................... ~ 0s
  2026-07-19 11:44:31 /favicon.ico .............................................................................. ~ 0s
  2026-07-19 11:44:34 ........................................................................................... ~ 1s
  2026-07-19 11:44:35 /favicon.ico .............................................................................. ~ 0s
  2026-07-19 11:44:36 ........................................................................................... ~ 0s
  2026-07-19 11:44:36 /favicon.ico .............................................................................. ~ 0s
  2026-07-19 11:44:38 ........................................................................................... ~ 0s
  2026-07-19 11:44:38 /favicon.ico .............................................................................. ~ 0s
  2026-07-19 11:44:39 ........................................................................................... ~ 0s
  2026-07-19 11:44:39 /favicon.ico .............................................................................. ~ 0s
  2026-07-19 11:44:41 ........................................................................................... ~ 1s
  2026-07-19 11:44:42 ........................................................................................... ~ 0s
  2026-07-19 11:44:42 /favicon.ico .............................................................................. ~ 0s
  2026-07-19 11:44:50 ........................................................................................... ~ 0s
  2026-07-19 11:44:50 ........................................................................................... ~ 1s
  2026-07-19 11:44:51 /favicon.ico .............................................................................. ~ 0s
  2026-07-19 11:44:53 ........................................................................................... ~ 1s
  2026-07-19 11:44:54 /favicon.ico .............................................................................. ~ 0s
  2026-07-19 11:44:55 ........................................................................................... ~ 1s
  2026-07-19 11:44:56 /favicon.ico .............................................................................. ~ 0s
  2026-07-19 11:45:11 ........................................................................................... ~ 1s
  2026-07-19 11:45:12 /favicon.ico .............................................................................. ~ 0s
  2026-07-19 11:45:14 ........................................................................................... ~ 1s
  2026-07-19 11:45:15 /favicon.ico .............................................................................. ~ 0s
  2026-07-19 11:45:18 ........................................................................................... ~ 0s
  2026-07-19 11:45:41 ........................................................................................... ~ 0s
  2026-07-19 11:45:41 /favicon.ico .............................................................................. ~ 0s
  2026-07-19 11:45:44 ........................................................................................... ~ 1s
  2026-07-19 11:45:45 /favicon.ico .............................................................................. ~ 0s
  2026-07-19 11:46:55 ........................................................................................... ~ 0s
  2026-07-19 11:46:55 ........................................................................................... ~ 0s
  2026-07-19 11:46:55 /favicon.ico .............................................................................. ~ 0s
  2026-07-19 11:46:59 ........................................................................................... ~ 1s
  2026-07-19 11:47:00 /storage/barcodes/qrcode_BRG-202607-0005.svg .............................................. ~ 0s
  2026-07-19 11:47:00 /favicon.ico .............................................................................. ~ 0s
  2026-07-19 11:55:21 ........................................................................................... ~ 1s
  2026-07-19 11:55:22 ........................................................................................... ~ 0s
  2026-07-19 11:55:22 /favicon.ico .............................................................................. ~ 0s
  2026-07-19 11:55:24 ........................................................................................... ~ 0s
  2026-07-19 11:55:24 /favicon.ico .............................................................................. ~ 0s
  2026-07-19 12:02:28 ........................................................................................... ~ 1s
  2026-07-19 12:02:29 /favicon.ico .............................................................................. ~ 0s
  2026-07-19 12:02:29 ........................................................................................... ~ 1s
  2026-07-19 12:02:30 /favicon.ico .............................................................................. ~ 0s
  2026-07-19 12:02:30 ........................................................................................... ~ 0s
  2026-07-19 12:02:31 /favicon.ico .............................................................................. ~ 0s
  2026-07-19 12:05:24 ........................................................................................... ~ 0s
  2026-07-19 12:05:24 /favicon.ico .............................................................................. ~ 0s
  2026-07-19 12:05:30 ........................................................................................... ~ 0s
  2026-07-19 12:05:37 ........................................................................................... ~ 0s
  2026-07-19 12:05:37 ........................................................................................... ~ 1s
  2026-07-19 12:05:38 /favicon.ico .............................................................................. ~ 0s
  2026-07-19 12:05:57 ........................................................................................... ~ 0s
  2026-07-19 12:05:57 ........................................................................................... ~ 0s
  2026-07-19 12:05:57 /favicon.ico .............................................................................. ~ 0s
  2026-07-19 12:08:44 ........................................................................................... ~ 0s
  2026-07-19 12:08:45 /favicon.ico .............................................................................. ~ 0s
  2026-07-19 12:08:58 ........................................................................................... ~ 0s
  2026-07-19 12:08:58 ........................................................................................... ~ 0s
  2026-07-19 12:08:58 /favicon.ico .............................................................................. ~ 0s
  2026-07-19 12:09:03 ........................................................................................... ~ 0s
  2026-07-19 12:09:03 /favicon.ico .............................................................................. ~ 0s
  2026-07-19 12:09:04 ........................................................................................... ~ 0s
  2026-07-19 12:09:04 /favicon.ico .............................................................................. ~ 0s
  2026-07-19 12:09:05 ........................................................................................... ~ 1s
  2026-07-19 12:09:06 /favicon.ico .............................................................................. ~ 0s
  2026-07-19 12:09:14 ........................................................................................... ~ 0s
  2026-07-19 12:09:14 /favicon.ico .............................................................................. ~ 0s
  2026-07-19 12:09:15 ........................................................................................... ~ 0s
  2026-07-19 12:09:15 /favicon.ico .............................................................................. ~ 0s
  2026-07-19 12:09:16 ........................................................................................... ~ 0s
  2026-07-19 12:09:16 /favicon.ico .............................................................................. ~ 0s
  2026-07-19 12:09:21 ........................................................................................... ~ 0s
  2026-07-19 12:09:21 /favicon.ico .............................................................................. ~ 0s
  2026-07-19 12:10:11 ........................................................................................... ~ 0s
  2026-07-19 12:10:11 /favicon.ico .............................................................................. ~ 0s
  2026-07-19 12:10:13 ........................................................................................... ~ 0s
  2026-07-19 12:10:13 /favicon.ico .............................................................................. ~ 0s
  2026-07-19 12:10:21 ........................................................................................... ~ 0s
  2026-07-19 12:10:21 /favicon.ico .............................................................................. ~ 0s
  2026-07-19 12:10:22 ........................................................................................... ~ 1s
  2026-07-19 12:10:23 /favicon.ico .............................................................................. ~ 0s
  2026-07-19 12:10:35 ........................................................................................... ~ 1s
  2026-07-19 12:10:36 /favicon.ico .............................................................................. ~ 0s
  2026-07-19 12:10:39 ........................................................................................... ~ 1s
  2026-07-19 12:10:40 /favicon.ico .............................................................................. ~ 0s
  2026-07-19 12:10:51 ........................................................................................... ~ 0s
  2026-07-19 12:10:51 /favicon.ico .............................................................................. ~ 0s
  2026-07-19 12:10:59 ........................................................................................... ~ 0s
  2026-07-19 12:10:59 /favicon.ico .............................................................................. ~ 0s
  2026-07-19 12:11:03 ........................................................................................... ~ 0s
  2026-07-19 12:11:03 /favicon.ico .............................................................................. ~ 0s
  2026-07-19 12:11:05 ........................................................................................... ~ 0s
  2026-07-19 12:11:05 /favicon.ico .............................................................................. ~ 0s
  2026-07-19 12:11:52 ........................................................................................... ~ 0s
  2026-07-19 12:11:52 /favicon.ico .............................................................................. ~ 0s
  2026-07-19 12:11:54 ........................................................................................... ~ 0s
  2026-07-19 12:11:54 /favicon.ico .............................................................................. ~ 0s
  2026-07-19 12:12:00 ........................................................................................... ~ 0s
  2026-07-19 12:12:00 /favicon.ico .............................................................................. ~ 0s
  2026-07-19 12:12:02 ........................................................................................... ~ 0s
  2026-07-19 12:12:02 /favicon.ico .............................................................................. ~ 0s
  2026-07-19 12:12:10 ........................................................................................... ~ 0s
  2026-07-19 12:12:10 /favicon.ico .............................................................................. ~ 0s
  2026-07-19 12:12:11 ........................................................................................... ~ 0s
  2026-07-19 12:12:11 /favicon.ico .............................................................................. ~ 0s
  2026-07-19 12:12:14 ........................................................................................... ~ 0s
  2026-07-19 12:12:14 /favicon.ico .............................................................................. ~ 0s
  2026-07-19 12:12:16 ........................................................................................... ~ 0s
  2026-07-19 12:12:17 /favicon.ico .............................................................................. ~ 0s
  2026-07-19 12:12:38 ........................................................................................... ~ 1s
  2026-07-19 12:12:39 /favicon.ico .............................................................................. ~ 0s

   INFO  Environment modified. Restarting server...  

   INFO  Server running on [http://127.0.0.1:8000].  

  Press Ctrl+C to stop the server

  2026-07-19 12:12:41 ........................................................................................... ~ 0s
  2026-07-19 12:12:41 ........................................................................................... ~ 0s
  2026-07-19 12:12:41 /favicon.ico .............................................................................. ~ 0s
  2026-07-19 12:29:15 ........................................................................................... ~ 1s
  2026-07-19 12:29:16 ........................................................................................... ~ 0s
  2026-07-19 12:29:16 /favicon.ico .............................................................................. ~ 0s
  2026-07-19 12:31:02 ........................................................................................... ~ 0s
  2026-07-19 12:31:02 /favicon.ico .............................................................................. ~ 0s
  2026-07-19 12:32:13 ........................................................................................... ~ 1s
  2026-07-19 12:32:14 /favicon.ico .............................................................................. ~ 0s
  2026-07-19 12:32:24 ........................................................................................... ~ 0s
  2026-07-19 12:32:24 ........................................................................................... ~ 1s
  2026-07-19 12:32:25 /favicon.ico .............................................................................. ~ 0s
  2026-07-19 12:32:37 ........................................................................................... ~ 0s
  2026-07-19 12:32:37 /favicon.ico .............................................................................. ~ 0s
  2026-07-19 12:32:39 ........................................................................................... ~ 0s
  2026-07-19 12:32:39 /favicon.ico .............................................................................. ~ 0s
  2026-07-19 12:32:40 ........................................................................................... ~ 1s
  2026-07-19 12:32:41 /favicon.ico .............................................................................. ~ 0s
  2026-07-19 12:32:43 ........................................................................................... ~ 1s
  2026-07-19 12:32:44 /favicon.ico .............................................................................. ~ 0s
  2026-07-19 12:32:48 ........................................................................................... ~ 1s
  2026-07-19 12:32:49 /favicon.ico .............................................................................. ~ 0s
  2026-07-19 12:32:50 ........................................................................................... ~ 0s
  2026-07-19 12:32:50 /favicon.ico .............................................................................. ~ 0s
  2026-07-19 12:32:52 ........................................................................................... ~ 1s
  2026-07-19 12:32:53 /favicon.ico .............................................................................. ~ 0s
  2026-07-19 12:33:11 ........................................................................................... ~ 0s
  2026-07-19 12:33:11 ........................................................................................... ~ 0s
  2026-07-19 12:33:12 /favicon.ico .............................................................................. ~ 0s
  2026-07-19 12:33:14 ........................................................................................... ~ 0s
  2026-07-19 12:33:14 /favicon.ico .............................................................................. ~ 0s
  2026-07-19 12:33:23 ........................................................................................... ~ 0s
  2026-07-19 12:33:23 /favicon.ico .............................................................................. ~ 0s
  2026-07-19 12:33:26 ........................................................................................... ~ 0s
  2026-07-19 12:33:26 /favicon.ico .............................................................................. ~ 0s
  2026-07-19 12:33:32 ........................................................................................... ~ 0s
  2026-07-19 12:33:32 /favicon.ico .............................................................................. ~ 0s
  2026-07-19 12:33:34 ........................................................................................... ~ 0s
  2026-07-19 12:33:34 /favicon.ico .............................................................................. ~ 0s
  2026-07-19 12:33:44 ........................................................................................... ~ 0s
  2026-07-19 12:33:44 ........................................................................................... ~ 0s
  2026-07-19 12:33:44 /favicon.ico .............................................................................. ~ 0s
  2026-07-19 12:33:47 ........................................................................................... ~ 0s
  2026-07-19 12:33:47 /favicon.ico .............................................................................. ~ 0s
  2026-07-19 12:46:44 ........................................................................................... ~ 0s
  2026-07-19 12:46:45 /favicon.ico .............................................................................. ~ 0s
  2026-07-19 12:46:48 ........................................................................................... ~ 0s
  2026-07-19 12:46:48 /favicon.ico .............................................................................. ~ 0s
  2026-07-19 12:46:50 ........................................................................................... ~ 0s
  2026-07-19 12:46:52 /favicon.ico .............................................................................. ~ 0s
