Loading composer repositories with package information
Updating dependencies
Your requirements could not be resolved to an installable set of packages.

  Problem 1
    - Root composer.json requires maatwebsite/excel ^3.1 -> satisfiable by maatwebsite/excel[3.1.0, ..., 3.1.69].
    - maatwebsite/excel[3.1.0, ..., 3.1.25] require php ^7.0 -> your php version (8.5.8) does not satisfy that requirement.
    - maatwebsite/excel 3.1.26 requires phpoffice/phpspreadsheet ^1.15 -> satisfiable by phpoffice/phpspreadsheet[1.15.0, ..., 1.30.6].
    - maatwebsite/excel 3.1.27 requires phpoffice/phpspreadsheet ^1.16 -> satisfiable by phpoffice/phpspreadsheet[1.16.0, ..., 1.30.6].
    - maatwebsite/excel[3.1.28, ..., 3.1.30] require phpoffice/phpspreadsheet 1.16.* -> satisfiable by phpoffice/phpspreadsheet[1.16.0].
    - maatwebsite/excel[3.1.31, ..., 3.1.56] require phpoffice/phpspreadsheet ^1.18 -> satisfiable by phpoffice/phpspreadsheet[1.18.0, ..., 1.30.6].
    - maatwebsite/excel[3.1.57, ..., 3.1.58] require phpoffice/phpspreadsheet ^1.29.1 -> satisfiable by phpoffice/phpspreadsheet[1.29.1, ..., 1.30.6].
    - maatwebsite/excel 3.1.59 requires phpoffice/phpspreadsheet ^1.29.2 -> satisfiable by phpoffice/phpspreadsheet[1.29.2, ..., 1.30.6].
    - maatwebsite/excel[3.1.60, ..., 3.1.61] require phpoffice/phpspreadsheet ^1.29.4 -> satisfiable by phpoffice/phpspreadsheet[1.29.4, ..., 1.30.6].
    - maatwebsite/excel 3.1.62 requires phpoffice/phpspreadsheet ^1.29.7 -> satisfiable by phpoffice/phpspreadsheet[1.29.7, ..., 1.30.6].
    - maatwebsite/excel[3.1.63, ..., 3.1.64] require phpoffice/phpspreadsheet ^1.29.9 -> satisfiable by phpoffice/phpspreadsheet[1.29.9, ..., 1.30.6].
    - maatwebsite/excel[3.1.65, ..., 3.1.66] require phpoffice/phpspreadsheet ^1.29.12 -> satisfiable by phpoffice/phpspreadsheet[1.29.12, ..., 1.30.6].
    - maatwebsite/excel[3.1.67, ..., 3.1.68] require phpoffice/phpspreadsheet ^1.30.0 -> satisfiable by phpoffice/phpspreadsheet[1.30.0, ..., 1.30.6].
    - maatwebsite/excel 3.1.69 requires phpoffice/phpspreadsheet ^1.30.4 -> satisfiable by phpoffice/phpspreadsheet[1.30.4, 1.30.5, 1.30.6].
    - phpoffice/phpspreadsheet[1.15.0, ..., 1.30.0] require ext-zip * -> it is missing from your system. Install or enable PHP's zip extension.

      Alternatively you can require one of these packages that provide the extension (or parts of it):
      Keep in mind that the suggestions are automated and may not be valid or safe to use
      - pecl/zip A zip management extension
      - phuture/continuum A forward-compatibility layer bringing tomorrow’s PHP features to today’s runtimes.
      - badpixxel/paddock Just The Paddock Project

    - phpoffice/phpspreadsheet[1.30.1, ..., 1.30.6] require php >=7.4.0 <8.5.0 -> your php version (8.5.8) does not satisfy that requirement.

To enable extensions, verify that they are enabled in your .ini files:
    - C:\laragon\bin\php\php-8.5.8-Win32-vs17-x64\php.ini
You can also run `php --ini` in a terminal to see which files are used by PHP in CLI mode.
Alternatively, you can run Composer with `--ignore-platform-req=ext-zip` to temporarily ignore these required extensions.

Use the option --with-all-dependencies (-W) to allow upgrades, downgrades and removals for packages currently locked to specific versions.
